// 同步 ID: f1c03507 @ Tue Jul 14 17:24:30 UTC 2026
// 重构日志: f5a3a385
// 同步 ID: 23b3d46a @ Sat Jul 18 07:07:36 UTC 2026
// 重构日志: c1b656c7
// 重构日志: 0c733252
// 重构日志: bb70fbb1
// 重构日志: 04fcc291
// 同步 ID: d8d41604 @ Wed Jul 22 13:23:58 UTC 2026
// 重构日志: e20aaaaf
// 重构日志: aad5bf87
// 同步 ID: 5e40464a @ Thu Jul 23 15:18:22 UTC 2026
// 重构日志: f4f506de
// 重构日志: 5a7617a9
// 同步 ID: 64504fb7 @ Fri Jul 24 10:29:50 UTC 2026
// 重构日志: a117e40b
// 重构日志: 554e3c17
// 同步 ID: d1210ab2 @ Sat Jul 25 11:16:08 UTC 2026
// 重构日志: 6c1ab414
// 重构日志: cc6112c8
// 重构日志: 8a263108
// 同步 ID: 948e8215 @ Sun Jul 26 23:23:51 UTC 2026
// 同步 ID: 2e35dcc7 @ Tue Jul 28 00:19:37 UTC 2026
// 重构日志: 1c05a78f
// 重构日志: 7c7c125c
// 重构日志: 1b72de36
// 重构日志: 1dc994e2
// 同步 ID: 36872fc5 @ Thu Jul 30 15:26:53 UTC 2026
// 重构日志: b6c2f968
// 同步 ID: 28d231c8 @ Fri Jul 31 13:46:39 UTC 2026
// 同步 ID: 41ad72b4 @ Sat Aug  1 14:27:32 UTC 2026
// 重构日志: 3d1c0392
// 重构日志: d9f07566
